[Licensing::Module] Trying to connect to existing licensing client channel...
Built from '6000.4/staging' branch; Version is '6000.4.6f1 (0b051c2e5d54) revision 722204'; Using compiler version '194234433'; Build Type 'Release'
[Licensing::IpcConnector] Successfully connected to: "LicenseClient-Oe_Lee" at "2026-08-16T00:25:08.1243014Z"
OS: 'Windows 11  (10.0.26200) Professional' Language: 'zh' Physical Memory: 31934 MB
BatchMode: 1, IsHumanControllingUs: 0, StartBugReporterOnCrash: 0, Is64bit: 1
System  architecture: x64
Process architecture: x64
Date: 2026-08-16T00:25:08Z

COMMAND LINE ARGUMENTS:
D:\Unity Hub\Unity 6000.4.6f1\Editor\Unity.exe
-batchmode
-logFile
license_check.log
-quit
D:/Unity Project/RailwayRenaissance
[UnityMemory] Configuration Parameters - Can be set up in boot.config
    "memorysetup-temp-allocator-size-gi-baking-worker=262144"
    "memorysetup-temp-allocator-size-gi-baking-worker=262144"
    "memorysetup-temp-allocator-size-gi-baking-worker=262144"
    "memorysetup-temp-allocator-size-gi-baking-worker=262144"
    "memorysetup-temp-allocator-size-gi-baking-worker=262144"
    "memorysetup-temp-allocator-size-nav-mesh-worker=65536"
    "memorysetup-temp-allocator-size-audio-worker=65536"
    "memorysetup-temp-allocator-size-cloud-worker=32768"
    "memorysetup-temp-allocator-size-gfx=262144"
    "memorysetup-temp-allocator-size-preload-manager=33554432"
    "memorysetup-temp-allocator-size-job-worker=262144"
    "memorysetup-temp-allocator-size-background-worker=32768"
    "memorysetup-allocator-temp-initial-block-size-main=262144"
    "memorysetup-allocator-temp-initial-block-size-worker=262144"
    "memorysetup-bucket-allocator-granularity=16"
    "memorysetup-bucket-allocator-bucket-count=8"
    "memorysetup-bucket-allocator-block-size=33554432"
    "memorysetup-bucket-allocator-block-count=8"
    "memorysetup-main-allocator-block-size=16777216"
    "memorysetup-thread-allocator-block-size=16777216"
    "memorysetup-gfx-main-allocator-block-size=16777216"
    "memorysetup-gfx-thread-allocator-block-size=16777216"
    "memorysetup-cache-allocator-block-size=4194304"
    "memorysetup-typetree-allocator-block-size=2097152"
    "memorysetup-profiler-bucket-allocator-granularity=16"
    "memorysetup-profiler-bucket-allocator-bucket-count=8"
    "memorysetup-profiler-bucket-allocator-block-size=33554432"
    "memorysetup-profiler-bucket-allocator-block-count=8"
    "memorysetup-profiler-allocator-block-size=16777216"
    "memorysetup-profiler-editor-allocator-block-size=1048576"
    "memorysetup-temp-allocator-size-main=16777216"
    "memorysetup-job-temp-allocator-block-size=2097152"
    "memorysetup-job-temp-allocator-block-size-background=1048576"
    "memorysetup-job-temp-allocator-reduction-small-platforms=262144"
Player connection [5848]  Target information:

Player connection [5848]  * "[IP] 192.168.71.88 [Port] 55504 [Flags] 2 [Guid] 832841904 [EditorId] 832841904 [Version] 1048832 [Id] WindowsEditor(7,OeLeeComputer) [Debug] 1 [PackageName] WindowsEditor [ProjectName] Editor" 

Player connection [5848]  * "[IP] 172.25.208.1 [Port] 55504 [Flags] 2 [Guid] 832841904 [EditorId] 832841904 [Version] 1048832 [Id] WindowsEditor(7,OeLeeComputer) [Debug] 1 [PackageName] WindowsEditor [ProjectName] Editor" 

Player connection [5848] Host joined multi-casting on [225.0.0.222:54997]...
Player connection [5848] Host joined alternative multi-casting on [225.0.0.222:34997]...
Input System module state changed to: Initialized.
[Physics::Module] Initialized fallback backend.
[Physics::Module] Id: 0xdecafbad
[Package Manager] Connected to IPC stream "Upm-33544" after 0.2 seconds.
[Licensing::Module] Licensing is not yet initialized.
[Licensing::Client] Error: HandshakeResponse reported an error:
	ResponseCode: 505
	ResponseStatus: Unsupported protocol version '1.18.1'.
[Licensing::Module] Error: Failed to handshake to channel: "LicenseClient-Oe_Lee"
[Licensing::IpcConnector] LicenseClient-Oe_Lee channel disconnected successfully.
[Licensing::IpcConnector] Channel LicenseClient-Oe_Lee-6000.4.6 doesn't exist
[Licensing::Module] Successfully launched the LicensingClient (PId: 43852)
Starting IPC server.
Waiting for clients to connect on \\.\pipe\Unity-LicenseClient-Oe_Lee-6000.4.6, press Ctrl-C to exit.
[Licensing::IpcConnector] Successfully connected to: "LicenseClient-Oe_Lee-6000.4.6" at "2026-08-16T00:25:09.6053463Z"
[Licensing::Client] Code 10 while verifying Licensing Client signature (process Id: 43852, path: "D:/Unity Hub/Unity 6000.4.6f1/Editor/Data/Resources/Licensing/Client/Unity.Licensing.Client.exe")
[Licensing::Module] LicensingClient has failed validation; ignoring
[Licensing::Client] Handshaking with LicensingClient:
  Version:                 1.18.1+9fbee8e
  Session Id:              283a95595b0b4c9295908c912b1de3c1
  Correlation Id:          6a4e6f916832f4f61929105fce523ad2
  External correlation Id: 7197756099122203592
  Machine Id:              ZO+yfxaVFmW/OFopdVuYEhjz7wI=
[Licensing::Module] Successfully connected to LicensingClient on channel: "LicenseClient-Oe_Lee-6000.4.6" (connect: 0.24s, validation: 0.14s, handshake: 0.01s)
[Licensing::IpcConnector] Successfully connected to: "LicenseClient-Oe_Lee-6000.4.6-notifications" at "2026-08-16T00:25:09.7528105Z"
[Licensing::Module] Connected to LicensingClient (PId: 43852, launch time: 0.03, total connection time: 0.39s)
[Licensing::Module] Error: Access token is unavailable; failed to update
[Licensing::Client] Successfully resolved entitlement details
[Licensing::Module] License group:
  Id: ewogICJzdWJzR3JvdXAiIDogInVuaXR5IGVkaXRvciIsCiAgIm5hbWVzcGFjZSIgOiAidW5pdHlfZWRpdG9yIiwKICAidHlwZSIgOiAiRURJVE9SIiwKICAidGFnIiA6ICJVbml0eVBlcnNvbmFsXXXX
  Product: Unity Personal Version
  Type: Assigned
  Expiration: Unlimited
[Licensing::Client] Successfully updated license, isAsync: True, time: 0.01
[Licensing::Client] Successfully resolved entitlement details
[Licensing::Module] Licensing Background thread has ended after 1.66s
[Licensing::Module] Licensing is initialized (took 1.24s).
[Licensing::Client] Successfully resolved entitlement details
Library Redirect Path: Library/
Cannot upgrade database Library/SourceAssetDB. Will delete the database and recreate content in the new format instead.Cannot upgrade database Library/ArtifactDB. Will delete the database and recreate content in the new format instead.Failed to load 'D:/Unity Project/RailwayRenaissance/Library/ScriptMapper'. File may be corrupted or was serialized with a newer version of Unity.
[Physics::Module] Selected backend.
[Physics::Module] Name: PhysX
[Physics::Module] Id: 0xf2b8ea05
[Physics::Module] SDK Version: 4.1.2
[Physics::Module] Integration Version: 1.0.0
[Physics::Module] Threading Mode: Multi-Threaded
Failed to load 'D:/Unity Project/RailwayRenaissance/Library/BuildSettings.asset'. File may be corrupted or was serialized with a newer version of Unity.
Failed to load 'D:/Unity Project/RailwayRenaissance/Library/EditorUserBuildSettings.asset'. File may be corrupted or was serialized with a newer version of Unity.
Failed to load 'D:/Unity Project/RailwayRenaissance/Library/SpriteAtlasDatabase.asset'. File may be corrupted or was serialized with a newer version of Unity.
Failed to load 'D:/Unity Project/RailwayRenaissance/Library/SceneVisibilityState.asset'. File may be corrupted or was serialized with a newer version of Unity.
Initialize engine version: 6000.4.6f1 (0b051c2e5d54)
[Subsystems] Discovering subsystems at path D:/Unity Hub/Unity 6000.4.6f1/Editor/Data/Resources/UnitySubsystems
[Subsystems] Discovering subsystems at path D:/Unity Project/RailwayRenaissance/Assets
GfxDevice: creating device client; kGfxThreadingModeNonThreaded
Direct3D:
    Version:  Direct3D 11.0 [level 11.1]
    Renderer: NVIDIA GeForce RTX 5070 Ti Laptop GPU (ID=0x2f18)
    Vendor:   NVIDIA
    VRAM:     11944 MB
    Driver:   32.0.16.1088
Failed to load 'D:/Unity Project/RailwayRenaissance/Library/ShaderCache/EditorEncounteredVariants'. File may be corrupted or was serialized with a newer version of Unity.
Initialize mono
Mono path[0] = 'D:/Unity Hub/Unity 6000.4.6f1/Editor/Data/Managed'
Mono path[1] = 'D:/Unity Hub/Unity 6000.4.6f1/Editor/Data/MonoBleedingEdge/lib/mono/unityjit-win32'
Mono config path = 'D:/Unity Hub/Unity 6000.4.6f1/Editor/Data/MonoBleedingEdge/etc'
Using monoOptions --debugger-agent=transport=dt_socket,embedding=1,server=y,suspend=n,address=127.0.0.1:56544
CodeReloadManager initialized
Using cacheserver namespaces - metadata:defaultmetadata, artifacts:defaultartifacts
Using cacheserver namespaces - metadata:defaultmetadata, artifacts:defaultartifacts
ImportWorker Server TCP listen port: 0
AcceleratorClientConnectionCallback - disconnected - :0
Begin MonoManager ReloadAssembly
Registering precompiled unity dll's ...
Register platform support module: D:/Unity Hub/Unity 6000.4.6f1/Editor/Data/PlaybackEngines/WindowsStandaloneSupport/UnityEditor.WindowsStandalone.Extensions.dll
Registered in 0.001898 seconds.
Native extension for WindowsStandalone target not found
Package Manager log level set to [2]
ScheduleIndexationOnStartup MainProcess:False IndexOnStartup:True
Mono: successfully reloaded assembly
- Finished resetting the current domain, in  0.287 seconds
Domain Reload Profiling: 626ms
	BeginReloadAssembly (117ms)
		CreateAndSetChildDomain (27ms)
	RebuildCommonClasses (31ms)
	RebuildNativeTypeToScriptingClass (8ms)
	initialDomainReloadingComplete (47ms)
	LoadAllAssembliesAndSetupDomain (135ms)
		LoadAssemblies (87ms)
		AnalyzeDomain (128ms)
			TypeCache.Refresh (127ms)
				TypeCache.ScanAssembly (116ms)
	FinalizeReload (289ms)
		SetupLoadedEditorAssemblies (0ms)
			InitializePlatformSupportModulesInManaged (29ms)
			BeforeProcessingInitializeOnLoad (54ms)
			ProcessInitializeOnLoadAttributes (78ms)
			ProcessInitializeOnLoadMethodAttributes (80ms)
[Licensing::Client] Successfully resolved entitlement details
Application.AssetDatabase Initial Refresh Start
[Package Manager] Done resolving packages in 13.15 seconds
[Licensing::Client] Successfully resolved entitlement details
An error occurred while resolving packages:
  Project has invalid dependencies:
    com.unity.mathematics: Package [com.unity.mathematics@1.4.0] cannot be found
    com.unity.modules.physicscore2d: Package [com.unity.modules.physicscore2d@1.0.0] cannot be found
Exiting without the bug reporter. Application will terminate with return code 1Shut down.
